[haughton-ventures.webflow.io/index.html]
[backblue.gif]
[fade.gif]
[index.html]
[haughton-ventures.webflow.io/about.html]
[haughton-ventures.webflow.io/portfolio.html]
[haughton-ventures.webflow.io/insights.html]
[haughton-ventures.webflow.io/contact.html]
[haughton-ventures.webflow.io/portfolio/rentberry.html]
[haughton-ventures.webflow.io/portfolio/azure-printed-homes.html]
[haughton-ventures.webflow.io/portfolio/superphone.html]
[haughton-ventures.webflow.io/portfolio/artsky.html]
[haughton-ventures.webflow.io/insights/hv-invests-in-rentberry.html]
[haughton-ventures.webflow.io/insights/haughton-ventures-backs-superphone.html]
[haughton-ventures.webflow.io/index.html]
[haughton-ventures.webflow.io/about.html]
[haughton-ventures.webflow.io/portfolio.html]
[haughton-ventures.webflow.io/insights/powering-next-gen-content.html]
[haughton-ventures.webflow.io/insights.html]
[haughton-ventures.webflow.io/contact.html]
[haughton-ventures.webflow.io/portfolio/rentberry.html]
[haughton-ventures.webflow.io/portfolio/azure-printed-homes.html]
[haughton-ventures.webflow.io/portfolio/superphone.html]
[haughton-ventures.webflow.io/portfolio/artsky.html]
[haughton-ventures.webflow.io/insights/hv-invests-in-rentberry.html]
[haughton-ventures.webflow.io/insights/haughton-ventures-backs-superphone.html]
[haughton-ventures.webflow.io/insights/powering-next-gen-content.html]
[haughton-ventures.webflow.io/insights/sustainable-living-reinvented.html]
[haughton-ventures.webflow.io/insights/sustainable-living-reinvented.html]
