[haughton-ventures.webflow.io/index.html]
[backblue.gif]
[fade.gif]
[index.html]
[cdn.prod.website-files.com/687563dc787e44a7f4a50a72/css/haughton-ventures.webflow.shared.de840c839.css]
[ajax.googleapis.com/ajax/libs/webfont/1.6.26/webfont.js]
[fonts.googleapis.com/index.html]
[cdn.prod.website-files.com/687563dc787e44a7f4a50a72/68765d850bc4162f6b0a2734_favicon-32x32.png]
[cdn.prod.website-files.com/687563dc787e44a7f4a50a72/6879252edea93bae1b629dda_jjjaaa.jpg]
[cdn.prod.website-files.com/687563dc787e44a7f4a50a72/687678f118c5ab421b17d293_hv-logo-removebg-preview (4).png]
[haughton-ventures.webflow.io/about.html]
[haughton-ventures.webflow.io/portfolio.html]
[haughton-ventures.webflow.io/insights.html]
[haughton-ventures.webflow.io/contact.html]
[cdn.prod.website-files.com/687563dc787e44a7f4a50a72/687563dc787e44a7f4a50b08_Top LeFt Corner Block.svg]
[cdn.prod.website-files.com/687563dc787e44a7f4a50a72/687563dc787e44a7f4a50b07_mailchimp-lAx4E6Gl06s-unsplash 1.avif]
[cdn.prod.website-files.com/687563dc787e44a7f4a50a72/687648b4af16be1a0198dc58_rentberry-logo-white.svg]
[cdn.prod.website-files.com/687563dc787e44a7f4a50a72/68764a559e36daaa264b2272_azure-printed-homes.webp]
[cdn.prod.website-files.com/687563dc787e44a7f4a50a72/687563dc787e44a7f4a50b0a_Small Top Right Corner Block.svg]
[cdn.prod.website-files.com/687563dc787e44a7f4a50a72/687563dc787e44a7f4a50b0e_Group 663.avif]
[cdn.prod.website-files.com/687563dc787e44a7f4a50a72/687563dc787e44a7f4a50aee_mailchimp-lAx4E6Gl06s-unsplash 1.webp]
[haughton-ventures.webflow.io/portfolio/rentberry.html]
[haughton-ventures.webflow.io/portfolio/azure-printed-homes.html]
[haughton-ventures.webflow.io/portfolio/superphone.html]
[haughton-ventures.webflow.io/portfolio/artsky.html]
[cdn.prod.website-files.com/687563dc787e44a7f4a50a72/687563dc787e44a7f4a50ae7_White Plus Icon.svg]
[haughton-ventures.webflow.io/insights/hv-invests-in-rentberry.html]
[cdn.prod.website-files.com/687563dc787e44a7f4a50afc/6876879d53ca79538f2f0caf_Rentberry-Blockchain-Rental-Platform.jpg]
[haughton-ventures.webflow.io/insights/haughton-ventures-backs-superphone.html]
[cdn.prod.website-files.com/687563dc787e44a7f4a50afc/68768583a3cde4944d9925a1_61532be71b39c948d8dd6068_Website_OpenGraph_FINAL.png]
[haughton-ventures.webflow.io/insights/powering-next-gen-content.html]
[cdn.prod.website-files.com/687563dc787e44a7f4a50afc/68768d1ad1d644b9fad94871_artsky-LOGO.png]
[d3e54v103j8qbb.cloudfront.net/js/jquery-3.5.1.min.dc5e7f18c89303.js]
[cdn.prod.website-files.com/687563dc787e44a7f4a50a72/js/webflow.schunk.36b8fb49256177c8.js]
[cdn.prod.website-files.com/687563dc787e44a7f4a50a72/js/webflow.schunk.55048b44cf7d708f.js]
[haughton-ventures.webflow.io/index.html]
[cdn.prod.website-files.com/687563dc787e44a7f4a50a72/js/webflow.a2574a41.8cf4bda295ded529.js]
[cdn.prod.website-files.com/687563dc787e44a7f4a50a72/687563dc787e44a7f4a50adc_Arrow.svg]
[cdn.prod.website-files.com/687563dc787e44a7f4a50a72/687563dc787e44a7f4a50b0d_Group 652.svg]
[cdn.prod.website-files.com/687563dc787e44a7f4a50a72/css/haughton-ventures.webflow.shared.de840c839.css]
[cdn.prod.website-files.com/687563dc787e44a7f4a50a72/687563dc787e44a7f4a50aed_Slider Arrow Right.svg]
[fonts.googleapis.com/index.html]
[fonts.gstatic.com/index.html]
[cdn.prod.website-files.com/687563dc787e44a7f4a50a72/687563dc787e44a7f4a50b03_campaign-creators-qCi_MzVODoU-unsplash.webp]
[cdn.prod.website-files.com/687563dc787e44a7f4a50a72/687563dc787e44a7f4a50ae8_Slider Arrow Left.svg]
[haughton-ventures.webflow.io/about.html]
[cdn.prod.website-files.com/687563dc787e44a7f4a50a72/687563dc787e44a7f4a50aeb_Plus Icon.svg]
[cdn.prod.website-files.com/687563dc787e44a7f4a50a72/687563dc787e44a7f4a50ae3_Cross Icon.svg]
[haughton-ventures.webflow.io/portfolio.html]
[cdn.prod.website-files.com/687563dc787e44a7f4a50a72/js/webflow.1735502f.01b8babf08e0a618.js]
[haughton-ventures.webflow.io/insights/sustainable-living-reinvented.html]
[haughton-ventures.webflow.io/insights.html]
[cdn.prod.website-files.com/687563dc787e44a7f4a50afc/687688050e1b0aff898b652c_Azure-Printed-Homes_logo.png]
[cdn.prod.website-files.com/687563dc787e44a7f4a50a72/687563dc787e44a7f4a50af2_Rectangle 324.webp]
[haughton-ventures.webflow.io/contact.html]
[cdn.prod.website-files.com/687563dc787e44a7f4a50a72/687563dc787e44a7f4a50b08_Top LeFt Corner Block.svg]
[cdn.prod.website-files.com/687563dc787e44a7f4a50a72/js/webflow.fb8b4fdc.7d9b22fc45205345.js]
[cdn.prod.website-files.com/687563dc787e44a7f4a50a72/687648b4af16be1a0198dc58_rentberry-logo-white.svg]
[cdn.prod.website-files.com/687563dc787e44a7f4a50a72/687563dc787e44a7f4a50b0a_Small Top Right Corner Block.svg]
[haughton-ventures.webflow.io/portfolio/rentberry.html]
[haughton-ventures.webflow.io/portfolio/azure-printed-homes.html]
[haughton-ventures.webflow.io/portfolio/superphone.html]
[haughton-ventures.webflow.io/portfolio/artsky.html]
[cdn.prod.website-files.com/687563dc787e44a7f4a50a72/687563dc787e44a7f4a50ae7_White Plus Icon.svg]
[haughton-ventures.webflow.io/insights/hv-invests-in-rentberry.html]
[haughton-ventures.webflow.io/insights/haughton-ventures-backs-superphone.html]
[haughton-ventures.webflow.io/insights/powering-next-gen-content.html]
[d3e54v103j8qbb.cloudfront.net/static/custom-checkbox-checkmark.589d534424.svg]
[cdn.prod.website-files.com/687563dc787e44a7f4a50a72/687563dc787e44a7f4a50adc_Arrow.svg]
[cdn.prod.website-files.com/687563dc787e44a7f4a50a72/687563dc787e44a7f4a50b0d_Group 652.svg]
[cdn.prod.website-files.com/687563dc787e44a7f4a50a72/687563dc787e44a7f4a50aed_Slider Arrow Right.svg]
[cdn.prod.website-files.com/687563dc787e44a7f4a50a72/687563dc787e44a7f4a50ae8_Slider Arrow Left.svg]
[cdn.prod.website-files.com/687563dc787e44a7f4a50a72/687563dc787e44a7f4a50aeb_Plus Icon.svg]
[cdn.prod.website-files.com/687563dc787e44a7f4a50a72/687563dc787e44a7f4a50ae3_Cross Icon.svg]
[haughton-ventures.webflow.io/insights/sustainable-living-reinvented.html]
[cdn.prod.website-files.com/687563dc787e44a7f4a50a72/687563dc787e44a7f4a50b28_Vector 2402.svg]
[cdn.prod.website-files.com/687563dc787e44a7f4a50a72/687563dc787e44a7f4a50b28_Vector 2402.svg]
